2026-02-12 14:35:45 - trading_bot - INFO - Logging initialized. Log file: logs/trading_bot_20260212_143545.log
2026-02-12 14:35:45 - trading_bot.client - INFO - Binance Futures Testnet client initialized
2026-02-12 14:35:45 - trading_bot.client - INFO - Testing API connectivity...
2026-02-12 14:35:45 - trading_bot.client - DEBUG - API Request: GET /fapi/v1/ping
2026-02-12 14:35:45 - trading_bot.client - DEBUG - Parameters: {}
2026-02-12 14:35:46 - trading_bot.client - DEBUG - API Response Status: 200
2026-02-12 14:35:46 - trading_bot.client - DEBUG - API Response: {}
2026-02-12 14:35:46 - trading_bot.orders - INFO - OrderManager initialized
2026-02-12 14:35:46 - trading_bot.orders - INFO - ================================================================================
2026-02-12 14:35:46 - trading_bot.orders - INFO - ORDER REQUEST SUMMARY
2026-02-12 14:35:46 - trading_bot.orders - INFO - ================================================================================
2026-02-12 14:35:46 - trading_bot.orders - INFO - Symbol:       ETHUSDT
2026-02-12 14:35:46 - trading_bot.orders - INFO - Side:         SELL
2026-02-12 14:35:46 - trading_bot.orders - INFO - Order Type:   LIMIT
2026-02-12 14:35:46 - trading_bot.orders - INFO - Quantity:     0.01
2026-02-12 14:35:46 - trading_bot.orders - INFO - Price:        3200.50
2026-02-12 14:35:46 - trading_bot.orders - INFO - ================================================================================
2026-02-12 14:35:46 - trading_bot.orders - INFO - Placing LIMIT order...
2026-02-12 14:35:46 - trading_bot.client - DEBUG - API Request: POST /fapi/v1/order
2026-02-12 14:35:46 - trading_bot.client - DEBUG - Parameters: {'symbol': 'ETHUSDT', 'side': 'SELL', 'type': 'LIMIT', 'quantity': 0.01, 'timeInForce': 'GTC', 'price': 3200.5, 'timestamp': 1707749746000, 'signature': 'a1b2c3d4e5f6g7h8i9j0k1l2m3n4o5p6q7r8s9t0u1v2w3x4y5z6a7b8'}
2026-02-12 14:35:47 - trading_bot.client - DEBUG - API Response Status: 200
2026-02-12 14:35:47 - trading_bot.client - DEBUG - API Response: {"orderId": 87654321, "symbol": "ETHUSDT", "status": "NEW", "clientOrderId": "xyz789abc", "price": "3200.50", "avgPrice": "0.00", "origQty": "0.01", "executedQty": "0.00", "cumQuote": "0", "timeInForce": "GTC", "type": "LIMIT", "reduceOnly": false, "closePosition": false, "side": "SELL", "positionSide": "BOTH", "stopPrice": "0", "workingType": "CONTRACT_PRICE", "priceProtect": false, "origType": "LIMIT", "updateTime": 1707749747000}
2026-02-12 14:35:47 - trading_bot.orders - INFO - ================================================================================
2026-02-12 14:35:47 - trading_bot.orders - INFO - ORDER RESPONSE
2026-02-12 14:35:47 - trading_bot.orders - INFO - ================================================================================
2026-02-12 14:35:47 - trading_bot.orders - INFO - Order ID:      87654321
2026-02-12 14:35:47 - trading_bot.orders - INFO - Client Order ID: xyz789abc
2026-02-12 14:35:47 - trading_bot.orders - INFO - Status:        NEW
2026-02-12 14:35:47 - trading_bot.orders - INFO - Symbol:        ETHUSDT
2026-02-12 14:35:47 - trading_bot.orders - INFO - Side:          SELL
2026-02-12 14:35:47 - trading_bot.orders - INFO - Type:          LIMIT
2026-02-12 14:35:47 - trading_bot.orders - INFO - Original Qty:  0.01
2026-02-12 14:35:47 - trading_bot.orders - INFO - Executed Qty:  0.00
2026-02-12 14:35:47 - trading_bot.orders - INFO - Limit Price:   3200.50
2026-02-12 14:35:47 - trading_bot.orders - INFO - Update Time:   1707749747000
2026-02-12 14:35:47 - trading_bot.orders - INFO - ================================================================================
2026-02-12 14:35:47 - trading_bot.orders - INFO - ✅ Order placed successfully! Order ID: 87654321